
> grub-club-app@1.0.0 build
> vite build

vite v5.4.21 building for production...
transforming...
✓ 53 modules transformed.
x Build failed in 174ms
error during build:
[vite]: Rollup failed to resolve import "react-i18next" from "/Users/daiskebrandan/Desktop/GrubClubApp/src/pages/staff/StaffKDS.jsx".
This is most likely unintended because it can break your application at runtime.
If you do want to externalize this module explicitly add it to
`build.rollupOptions.external`
    at viteWarn (file:///Users/daiskebrandan/Desktop/GrubClubApp/node_modules/vite/dist/node/chunks/dep-BK3b2jBa.js:65855:17)
    at onwarn (file:///Users/daiskebrandan/Desktop/GrubClubApp/node_modules/@vitejs/plugin-react/dist/index.js:90:7)
    at onRollupWarning (file:///Users/daiskebrandan/Desktop/GrubClubApp/node_modules/vite/dist/node/chunks/dep-BK3b2jBa.js:65885:5)
    at onwarn (file:///Users/daiskebrandan/Desktop/GrubClubApp/node_modules/vite/dist/node/chunks/dep-BK3b2jBa.js:65550:7)
    at file:///Users/daiskebrandan/Desktop/GrubClubApp/node_modules/rollup/dist/es/shared/node-entry.js:20975:13
    at Object.logger [as onLog] (file:///Users/daiskebrandan/Desktop/GrubClubApp/node_modules/rollup/dist/es/shared/node-entry.js:22848:9)
    at ModuleLoader.handleInvalidResolvedId (file:///Users/daiskebrandan/Desktop/GrubClubApp/node_modules/rollup/dist/es/shared/node-entry.js:21592:26)
    at file:///Users/daiskebrandan/Desktop/GrubClubApp/node_modules/rollup/dist/es/shared/node-entry.js:21550:26
